Microchip MPLAB XC8 Compiler V2.00 ()

Linker command line:

-W-3 --edf=C:\Program Files (x86)\Microchip\xc8\v2.00\pic\dat\en_msgs.txt \
  -cs -h+dist/default/production\ACW.X.production.sym \
  --cmf=dist/default/production\ACW.X.production.cmf -z -Q16F877A \
  -oC:\Users\user\AppData\Local\Temp\s2lc.2 --defsym=__MPLAB_BUILD=1 \
  -Mdist/default/production/ACW.X.production.map -E1 -ver=XC8 --acfsm=1493 \
  -ASTACK=014Dh-016fh -pstack=STACK -ACODE=00h-07FFhx4 -ASTRCODE=00h-01FFFh \
  -ASTRING=00h-0FFhx32 -ACONST=00h-0FFhx32 -AENTRY=00h-0FFhx32 \
  -ACOMMON=070h-07Fh -ABANK0=020h-06Fh -ABANK1=0A0h-0EFh \
  -ABANK2=0110h-016Fh -ABANK3=0190h-01EFh \
  -ARAM=020h-06Fh,0A0h-0EFh,0110h-016Fh,0190h-01EFh \
  -AABS1=020h-07Fh,0A0h-0EFh,0110h-016Fh,0190h-01EFh -ASFR0=00h-01Fh \
  -ASFR1=080h-09Fh -ASFR2=0100h-010Fh -ASFR3=0180h-018Fh \
  -preset_vec=00h,intentry,init,end_init -ppowerup=CODE -pcinit=CODE \
  -pfunctab=ENTRY -ACONFIG=02007h-02007h -pconfig=CONFIG -DCONFIG=2 \
  -AIDLOC=02000h-02003h -pidloc=IDLOC -DIDLOC=2 -AEEDATA=00h-0FFh/02100h \
  -peeprom_data=EEDATA -DEEDATA=2 -DCODE=2 -DSTRCODE=2 -DSTRING=2 -DCONST=2 \
  -DENTRY=2 -k C:\Users\user\AppData\Local\Temp\s2lc.o \
  dist/default/production\ACW.X.production.o 

Object code version is 3.11

Machine type is 16F877A



                Name                               Link     Load   Length Selector   Space Scale
C:\Users\user\AppData\Local\Temp\s2lc.o
                end_init                              0        0        3        0       0
                config                             2007     2007        1     400E       0
dist/default/production\ACW.X.production.o
                cinit                               7B6      7B6       4A      F6C       0
                text54                             152F     152F       29     2A5E       0
                text53                             148F     148F       16     291E       0
                text52                              1A2      1A2       E6      344       0
                text51                              996      996       4C     132C       0
                text50                             161A     161A       3B     2C34       0
                text49                             16CC     16CC       3D     2D98       0
                text48                             1655     1655       3B     2CAA       0
                text47                             1709     1709       3D     2E12       0
                text46                                F        F       19       1E       0
                text45                              A8E      A8E       5F     151C       0
                text44                             14BB     14BB       26     2976       0
                text43                             1584     1584       2E     2B08       0
                text42                             1414     1414       14     2828       0
                text41                             1690     1690       3C     2D20       0
                text40                             1428     1428       14     2850       0
                text39                             143C     143C       14     2878       0
                text38                             13EE     13EE       13     27DC       0
                text37                             13DD     13DD       11     27BA       0
                text36                              801      801       38     1002       0
                text35                             15B2     15B2       31     2B64       0
                text34                             1507     1507       28     2A0E       0
                text33                              EA7      EA7       A5     1D4E       0
                text32                              B50      B50       71     16A0       0
                text31                              C32      C32       73     1864       0
                text30                             15E3     15E3       37     2BC6       0
                text29                              E1A      E1A       8D     1C34       0
                text28                              CA5      CA5       74     194A       0
                text27                             14E1     14E1       26     29C2       0
                text26                             13B4     13B4        D     2768       0
                text25                              F4C      F4C       B4     1E98       0
                text24                                6        6        9        C       0
                text23                              D8F      D8F       8B     1B1E       0
                text22                             1558     1558       2C     2AB0       0
                text21                              288      288       F9      510       0
                text20                              D19      D19       76     1A32       0
                text19                             1450     1450       15     28A0       0
                text18                             1465     1465       15     28CA       0
                text17                              902      902       49     1204       0
                text16                             13C1     13C1        D     2782       0
                text15                               E4       E4       BE      1C8       0
                text14                              BC1      BC1       71     1782       0
                text13                              AED      AED       63     15DA       0
                text12                              94B      94B       4B     1296       0
                text11                              839      839       41     1072       0
                text10                             147A     147A       15     28F4       0
                text9                              17C0     17C0       40     2F80       0
                text8                               87A      87A       44     10F4       0
                text7                              1746     1746       3D     2E8C       0
                text6                               8BE      8BE       44     117C       0
                text5                               381      381      15F      702       0
                text4                              13A5     13A5        7     274A       0
                text3                               A30      A30       5E     1460       0
                text2                               4E0      4E0      2D6      9C0       0
                text1                              13CE     13CE        F     279C       0
                maintext                             28       28       BC       50       0
                cstackBANK0                          20       20       29       20       1
                cstackCOMMON                         70       70        E       70       1
                clrtext                            13AC     13AC        8     2758       0
                inittext                           1401     1401       13     2802       0
                dataBANK2                           110      110       3D      110       1
                dataBANK3                           190      190       4E      190       1
                dataBANK1                            DA       DA       16       A0       1
                bssBANK1                             A0       A0       3A       A0       1
                dataBANK0                            6C       6C        4       20       1
                bssBANK0                             49       49       23       20       1
                strings                            1000     1000       10     2000       0
                idataBANK3                          9E2      9E2       4E     13C4       0
                idataBANK2                         1783     1783       3D     2F06       0
                idataBANK1                         14A5     14A5       16     294A       0
                idataBANK0                         13A1     13A1        4     2742       0

TOTAL           Name                               Link     Load   Length     Space
        CLASS   STACK          

        CLASS   CODE           
                end_init                              0        0        3         0
                cinit                               7B6      7B6       4A         0
                text54                             152F     152F       29         0
                text53                             148F     148F       16         0
                text52                              1A2      1A2       E6         0
                text51                              996      996       4C         0
                text50                             161A     161A       3B         0
                text49                             16CC     16CC       3D         0
                text48                             1655     1655       3B         0
                text47                             1709     1709       3D         0
                text46                                F        F       19         0
                text45                              A8E      A8E       5F         0
                text44                             14BB     14BB       26         0
                text43                             1584     1584       2E         0
                text42                             1414     1414       14         0
                text41                             1690     1690       3C         0
                text40                             1428     1428       14         0
                text39                             143C     143C       14         0
                text38                             13EE     13EE       13         0
                text37                             13DD     13DD       11         0
                text36                              801      801       38         0
                text35                             15B2     15B2       31         0
                text34                             1507     1507       28         0
                text33                              EA7      EA7       A5         0
                text32                              B50      B50       71         0
                text31                              C32      C32       73         0
                text30                             15E3     15E3       37         0
                text29                              E1A      E1A       8D         0
                text28                              CA5      CA5       74         0
                text27                             14E1     14E1       26         0
                text26                             13B4     13B4        D         0
                text25                              F4C      F4C       B4         0
                text24                                6        6        9         0
                text23                              D8F      D8F       8B         0
                text22                             1558     1558       2C         0
                text21                              288      288       F9         0
                text20                              D19      D19       76         0
                text19                             1450     1450       15         0
                text18                             1465     1465       15         0
                text17                              902      902       49         0
                text16                             13C1     13C1        D         0
                text15                               E4       E4       BE         0
                text14                              BC1      BC1       71         0
                text13                              AED      AED       63         0
                text12                              94B      94B       4B         0
                text11                              839      839       41         0
                text10                             147A     147A       15         0
                text9                              17C0     17C0       40         0
                text8                               87A      87A       44         0
                text7                              1746     1746       3D         0
                text6                               8BE      8BE       44         0
                text5                               381      381      15F         0
                text4                              13A5     13A5        7         0
                text3                               A30      A30       5E         0
                text2                               4E0      4E0      2D6         0
                text1                              13CE     13CE        F         0
                maintext                             28       28       BC         0
                clrtext                            13AC     13AC        8         0
                inittext                           1401     1401       13         0
                idataBANK3                          9E2      9E2       4E         0
                idataBANK2                         1783     1783       3D         0
                idataBANK1                         14A5     14A5       16         0
                idataBANK0                         13A1     13A1        4         0

        CLASS   STRCODE        

        CLASS   STRING         
                strings                            1000     1000       10         0

        CLASS   CONST          

        CLASS   ENTRY          

        CLASS   COMMON         
                cstackCOMMON                         70       70        E         1

        CLASS   BANK0          
                cstackBANK0                          20       20       29         1
                dataBANK0                            6C       6C        4         1
                bssBANK0                             49       49       23         1

        CLASS   BANK1          
                dataBANK1                            DA       DA       16         1
                bssBANK1                             A0       A0       3A         1

        CLASS   BANK2          
                dataBANK2                           110      110       3D         1

        CLASS   BANK3          
                dataBANK3                           190      190       4E         1

        CLASS   RAM            

        CLASS   ABS1           
                abs_s1                               7E       7E        2         1

        CLASS   SFR0           

        CLASS   SFR1           

        CLASS   SFR2           

        CLASS   SFR3           

        CLASS   CONFIG         
                config                             2007     2007        1         0

        CLASS   IDLOC          

        CLASS   EEDATA         



SEGMENTS        Name                           Load    Length   Top    Selector   Space  Class     Delta

                reset_vec                      000000  000003  000003         0       0  CODE        2
                text24                         000006  000009  00000F         C       0  CODE        2
                text46                         00000F  000019  000028        1E       0  CODE        2
                cstackBANK0                    000020  000050  000070        20       1  BANK0       1
                maintext                       000028  0000BC  0000E4        50       0  CODE        2
                cstackCOMMON                   000070  00000E  00007E        70       1  COMMON      1
                bssBANK1                       0000A0  000050  0000F0        A0       1  BANK1       1
                dataBANK2                      000110  00003D  00014D       110       1  BANK2       1
                dataBANK3                      000190  00004E  0001DE       190       1  BANK3       1
                text15                         0000E4  0000BE  0001A2       1C8       0  CODE        2
                text52                         0001A2  0000E6  000288       344       0  CODE        2
                text21                         000288  0000F9  000381       510       0  CODE        2
                text5                          000381  00015F  0004E0       702       0  CODE        2
                text2                          0004E0  0002D6  0007B6       9C0       0  CODE        2
                cinit                          0007B6  00004A  000800       F6C       0  CODE        2
                text36                         000801  000038  000839      1002       0  CODE        2
                text11                         000839  000041  00087A      1072       0  CODE        2
                text8                          00087A  000044  0008BE      10F4       0  CODE        2
                text6                          0008BE  000044  000902      117C       0  CODE        2
                text17                         000902  000049  00094B      1204       0  CODE        2
                text12                         00094B  00004B  000996      1296       0  CODE        2
                text51                         000996  00004C  0009E2      132C       0  CODE        2
                idataBANK3                     0009E2  00004E  000A30      13C4       0  CODE        2
                text3                          000A30  00005E  000A8E      1460       0  CODE        2
                text45                         000A8E  00005F  000AED      151C       0  CODE        2
                text13                         000AED  000063  000B50      15DA       0  CODE        2
                text32                         000B50  000071  000BC1      16A0       0  CODE        2
                text14                         000BC1  000071  000C32      1782       0  CODE        2
                text31                         000C32  000073  000CA5      1864       0  CODE        2
                text28                         000CA5  000074  000D19      194A       0  CODE        2
                text20                         000D19  000076  000D8F      1A32       0  CODE        2
                text23                         000D8F  00008B  000E1A      1B1E       0  CODE        2
                text29                         000E1A  00008D  000EA7      1C34       0  CODE        2
                text33                         000EA7  0000A5  000F4C      1D4E       0  CODE        2
                text25                         000F4C  0000B4  001000      1E98       0  CODE        2
                strings                        001000  000010  001010      2000       0  STRING      2
                idataBANK0                     0013A1  000004  0013A5      2742       0  CODE        2
                text4                          0013A5  000007  0013AC      274A       0  CODE        2
                clrtext                        0013AC  000008  0013B4      2758       0  CODE        2
                text26                         0013B4  00000D  0013C1      2768       0  CODE        2
                text16                         0013C1  00000D  0013CE      2782       0  CODE        2
                text1                          0013CE  00000F  0013DD      279C       0  CODE        2
                text37                         0013DD  000011  0013EE      27BA       0  CODE        2
                text38                         0013EE  000013  001401      27DC       0  CODE        2
                inittext                       001401  000013  001414      2802       0  CODE        2
                text42                         001414  000014  001428      2828       0  CODE        2
                text40                         001428  000014  00143C      2850       0  CODE        2
                text39                         00143C  000014  001450      2878       0  CODE        2
                text19                         001450  000015  001465      28A0       0  CODE        2
                text18                         001465  000015  00147A      28CA       0  CODE        2
                text10                         00147A  000015  00148F      28F4       0  CODE        2
                text53                         00148F  000016  0014A5      291E       0  CODE        2
                idataBANK1                     0014A5  000016  0014BB      294A       0  CODE        2
                text44                         0014BB  000026  0014E1      2976       0  CODE        2
                text27                         0014E1  000026  001507      29C2       0  CODE        2
                text34                         001507  000028  00152F      2A0E       0  CODE        2
                text54                         00152F  000029  001558      2A5E       0  CODE        2
                text22                         001558  00002C  001584      2AB0       0  CODE        2
                text43                         001584  00002E  0015B2      2B08       0  CODE        2
                text35                         0015B2  000031  0015E3      2B64       0  CODE        2
                text30                         0015E3  000037  00161A      2BC6       0  CODE        2
                text50                         00161A  00003B  001655      2C34       0  CODE        2
                text48                         001655  00003B  001690      2CAA       0  CODE        2
                text41                         001690  00003C  0016CC      2D20       0  CODE        2
                text49                         0016CC  00003D  001709      2D98       0  CODE        2
                text47                         001709  00003D  001746      2E12       0  CODE        2
                text7                          001746  00003D  001783      2E8C       0  CODE        2
                idataBANK2                     001783  00003D  0017C0      2F06       0  CODE        2
                text9                          0017C0  000040  001800      2F80       0  CODE        2
                config                         002007  000001  002008      400E       0  CONFIG      2


UNUSED ADDRESS RANGES

        Name                Unused          Largest block    Delta
        BANK2            014D-016F             23           1
        BANK3            01DE-01EF             12           1
        CODE             0003-0005              3           2
                         0800-0800              1
                         1010-13A0            391
                         1800-1FFF            800
        CONST            0003-0005              3           2
                         0800-0800              1
                         1010-13A0            100
                         1800-1FFF            100
        EEDATA           2100-21FF            100           2
        ENTRY            0003-0005              3           2
                         0800-0800              1
                         1010-13A0            100
                         1800-1FFF            100
        IDLOC            2000-2003              4           2
        RAM              014D-016F             23           1
                         01DE-01EF             12
        SFR0             0000-001F             20           1
        SFR1             0080-009F             20           1
        SFR2             0100-010F             10           1
        SFR3             0180-018F             10           1
        STACK            014D-016F             23           1
        STRCODE          0003-0005              3           2
                         0800-0800              1
                         1010-13A0            391
                         1800-1FFF            800
        STRING           0003-0005              3           2
                         0800-0800              1
                         1010-13A0            100
                         1800-1FFF            100

                                  Symbol Table

?___awdiv                        cstackCOMMON 0070
?___awmod                        cstackCOMMON 0070
?___lwdiv                        cstackCOMMON 0076
?___lwmod                        cstackCOMMON 0070
?___wmul                         cstackCOMMON 0070
ArrayReset@ChosenArray           cstackCOMMON 0074
ArrayReset@j                     cstackCOMMON 0079
BiggerThanX@NumberChars          cstackBANK0  002C
CalculateDate@Day_Ten            cstackBANK0  0020
CalculateDate@Day_digit          cstackBANK0  0022
CalculateDate@Month_Ten          cstackBANK0  0024
CalculateDate@Month_digit        cstackBANK0  0026
CalculateDate@Year_Ten           cstackBANK0  0028
CalculateDate@Year_digit         cstackBANK0  002A
CalculateTime@Hour_Ten           cstackBANK0  0020
CalculateTime@Hour_digit         cstackBANK0  0022
CalculateTime@Min_Ten            cstackBANK0  0024
CalculateTime@Min_digit          cstackBANK0  0026
CalculateTime@T1                 cstackBANK0  0028
CalculateTime@T2                 cstackBANK0  0029
CalculateTime@T3                 cstackBANK0  002A
CalculateTime@T4                 cstackBANK0  002B
CallInvalid@F1325                dataBANK3    01C2
CallInvalid@display_Invalid      cstackBANK0  0024
ClockMain@Hour1_Temp             cstackBANK0  0020
ClockMain@Hour2_Temp             cstackCOMMON 0078
ClockMain@Min1_Temp              cstackCOMMON 0079
ClockMain@Min2_Temp              cstackCOMMON 007A
ClockMain@Sec1_Temp              cstackCOMMON 007B
ClockMain@Sec2_Temp              cstackCOMMON 007C
DateMain@Day1_Temp               cstackCOMMON 007B
DateMain@Day2_Temp               cstackCOMMON 007C
DateMain@Month1_Temp             cstackCOMMON 0079
DateMain@Month2_Temp             cstackCOMMON 007A
DateMain@Year1_Temp              cstackBANK0  0020
DateMain@Year2_Temp              cstackCOMMON 0078
GetValue@ButtonNO                cstackBANK0  002E
Insert@ArrayPos                  cstackCOMMON 0070
Insert@Number_To_insert          cstackCOMMON 0072
_ADCON1                          (abs)        009F
_ActiveSet                       bssBANK0     006A
_ActiveSet_Buttons               bssBANK1     00BD
_AllValues                       bssBANK1     00C5
_ArrayReset                      text45       0A8E
_BiggerThanX                     text29       0E1A
_ButtonPressed                   bssBANK0     0068
_BuzzerActivate                  text16       13C1
_CalculateDate                   text33       0EA7
_CalculateTime                   text32       0B50
_CallInvalid                     text35       15B2
_ClockMain                       text48       1655
_CurrentPosValue                 bssBANK0     0056
_Date                            bssBANK1     00AD
_DateMain                        text47       1709
_Day_ds                          bssBANK1     00C1
_EasyWayTable                    dataBANK2    0110
_EnterData                       text21       0288
_FinishedSet                     bssBANK0     0067
_GetValue                        text28       0CA5
_GetWeekDay                      text15       00E4
_Heating_Letter                  dataBANK0    006E
_Hour                            dataBANK0    006C
_Insert                          text54       152F
_Min                             bssBANK0     0052
_Month_ds                        bssBANK1     00C3
_Nextday                         text20       0D19
_NoPressed                       dataBANK1    00E7
_PORTA                           (abs)        0005
_PORTC                           (abs)        0007
_PORTD                           (abs)        0008
_RA0                             (abs)        0028
_RA2                             (abs)        002A
_RA3                             (abs)        002B
_RA4                             (abs)        002C
_RA5                             (abs)        002D
_RB0                             (abs)        0030
_RB4                             (abs)        0034
_RB5                             (abs)        0035
_RD7                             (abs)        0047
_RE1                             (abs)        0049
_ResetTime_date                  bssBANK0     0065
_SetTimeMethod                   text30       15E3
_Silencer                        bssBANK0     0066
_THV                             bssBANK0     0061
_TLV                             bssBANK0     0062
_TRISA                           (abs)        0085
_TRISA0                          (abs)        0428
_TRISB                           (abs)        0086
_TRISB4                          (abs)        0434
_TRISC                           (abs)        0087
_TRISD                           (abs)        0088
_TRISE                           (abs)        0089
_TX                              bssBANK0     005F
_TZ                              bssBANK0     0060
_TempValues                      bssBANK1     00A7
_Time                            bssBANK1     00B3
_Time_Date                       bssBANK0     0050
_Year_ds                         bssBANK0     0054
_Year_ds_Previous                bssBANK1     00BF
__CFG_BOREN$OFF                  (abs)        0000
__CFG_FOSC$HS                    (abs)        0000
__CFG_LVP$OFF                    (abs)        0000
__CFG_PWRTE$ON                   (abs)        0000
__CFG_WDTE$OFF                   (abs)        0000
__Habs1                          abs1         0000
__Hbank0                         bank0        0000
__Hbank1                         bank1        0000
__Hbank2                         bank2        0000
__Hbank3                         bank3        0000
__HbssBANK0                      bssBANK0     0000
__HbssBANK1                      bssBANK1     0000
__Hcinit                         cinit        0800
__Hclrtext                       clrtext      0000
__Hcode                          code         0000
__Hcommon                        common       0000
__Hconfig                        config       2008
__HcstackBANK0                   cstackBANK0  0000
__HcstackCOMMON                  cstackCOMMON 0000
__HdataBANK0                     dataBANK0    0000
__HdataBANK1                     dataBANK1    0000
__HdataBANK2                     dataBANK2    0000
__HdataBANK3                     dataBANK3    0000
__Heeprom_data                   eeprom_data  0000
__Hend_init                      end_init     0003
__Hfunctab                       functab      0000
__HidataBANK0                    idataBANK0   0000
__HidataBANK1                    idataBANK1   0000
__HidataBANK2                    idataBANK2   0000
__HidataBANK3                    idataBANK3   0000
__Hidloc                         idloc        0000
__Hinit                          init         0000
__Hinittext                      inittext     0000
__Hintentry                      intentry     0000
__Hmaintext                      maintext     0000
__Hpowerup                       powerup      0000
__Hram                           ram          0000
__Hreset_vec                     reset_vec    0000
__Hsfr0                          sfr0         0000
__Hsfr1                          sfr1         0000
__Hsfr2                          sfr2         0000
__Hsfr3                          sfr3         0000
__Hspace_0                       (abs)        2008
__Hspace_1                       (abs)        01DE
__Hspace_2                       (abs)        0000
__Hspace_3                       (abs)        0000
__Hstack                         stack        0000
__Hstrings                       strings      0000
__Htext                          text         0000
__Labs1                          abs1         0000
__Lbank0                         bank0        0000
__Lbank1                         bank1        0000
__Lbank2                         bank2        0000
__Lbank3                         bank3        0000
__LbssBANK0                      bssBANK0     0000
__LbssBANK1                      bssBANK1     0000
__Lcinit                         cinit        07B6
__Lclrtext                       clrtext      0000
__Lcode                          code         0000
__Lcommon                        common       0000
__Lconfig                        config       2007
__LcstackBANK0                   cstackBANK0  0000
__LcstackCOMMON                  cstackCOMMON 0000
__LdataBANK0                     dataBANK0    0000
__LdataBANK1                     dataBANK1    0000
__LdataBANK2                     dataBANK2    0000
__LdataBANK3                     dataBANK3    0000
__Leeprom_data                   eeprom_data  0000
__Lend_init                      end_init     0000
__Lfunctab                       functab      0000
__LidataBANK0                    idataBANK0   0000
__LidataBANK1                    idataBANK1   0000
__LidataBANK2                    idataBANK2   0000
__LidataBANK3                    idataBANK3   0000
__Lidloc                         idloc        0000
__Linit                          init         0000
__Linittext                      inittext     0000
__Lintentry                      intentry     0000
__Lmaintext                      maintext     0000
__Lpowerup                       powerup      0000
__Lram                           ram          0000
__Lreset_vec                     reset_vec    0000
__Lsfr0                          sfr0         0000
__Lsfr1                          sfr1         0000
__Lsfr2                          sfr2         0000
__Lsfr3                          sfr3         0000
__Lspace_0                       (abs)        0000
__Lspace_1                       (abs)        0000
__Lspace_2                       (abs)        0000
__Lspace_3                       (abs)        0000
__Lstack                         stack        0000
__Lstrings                       strings      0000
__Ltext                          text         0000
__S0                             (abs)        2008
__S1                             (abs)        01DE
__S2                             (abs)        0000
__S3                             (abs)        0000
___awdiv                         text14       0BC1
___awdiv@counter                 cstackCOMMON 0075
___awdiv@dividend                cstackCOMMON 0072
___awdiv@divisor                 cstackCOMMON 0070
___awdiv@quotient                cstackCOMMON 0077
___awdiv@sign                    cstackCOMMON 0076
___awmod                         text13       0AED
___awmod@counter                 cstackCOMMON 0075
___awmod@dividend                cstackCOMMON 0072
___awmod@divisor                 cstackCOMMON 0070
___awmod@sign                    cstackCOMMON 0076
___bmul                          text46       000F
___bmul@multiplicand             cstackCOMMON 0070
___bmul@multiplier               cstackCOMMON 0073
___bmul@product                  cstackCOMMON 0072
___int_sp                        stack        0000
___latbits                       (abs)        0002
___lwdiv                         text12       094B
___lwdiv@counter                 cstackCOMMON 007D
___lwdiv@dividend                cstackCOMMON 0078
___lwdiv@divisor                 cstackCOMMON 0076
___lwdiv@quotient                cstackCOMMON 007B
___lwmod                         text11       0839
___lwmod@counter                 cstackCOMMON 0075
___lwmod@dividend                cstackCOMMON 0072
___lwmod@divisor                 cstackCOMMON 0070
___sp                            stack        0000
___wmul                          text34       1507
___wmul@multiplicand             cstackCOMMON 0072
___wmul@multiplier               cstackCOMMON 0070
___wmul@product                  cstackCOMMON 0074
__end_of_ArrayReset              text45       0AED
__end_of_BiggerThanX             text29       0EA7
__end_of_BuzzerActivate          text16       13CE
__end_of_CalculateDate           text33       0F4C
__end_of_CalculateTime           text32       0BC1
__end_of_CallInvalid             text35       15E3
__end_of_ClockMain               text48       1690
__end_of_DateMain                text47       1746
__end_of_EnterData               text21       0381
__end_of_GetValue                text28       0D19
__end_of_GetWeekDay              text15       01A2
__end_of_Insert                  text54       1558
__end_of_Nextday                 text20       0D8F
__end_of_SetTimeMethod           text30       161A
__end_of___awdiv                 text14       0C32
__end_of___awmod                 text13       0B50
__end_of___bmul                  text46       0028
__end_of___lwdiv                 text12       0996
__end_of___lwmod                 text11       087A
__end_of___wmul                  text34       152F
__end_of__initialization         cinit        07FC
__end_of__stringtab              strings      1006
__end_of_chk_busy                text43       15B2
__end_of_clear_p                 text38       1401
__end_of_delay                   text44       14E1
__end_of_delayThermo             text10       148F
__end_of_displayThermo           text9        1800
__end_of_display_key             text25       1000
__end_of_ds1302_init             text19       1465
__end_of_ds_delay                text53       14A5
__end_of_ds_display              text52       0288
__end_of_get_temp                text5        04E0
__end_of_get_time                text49       1709
__end_of_han_DSet                text27       1507
__end_of_han_Display             text39       1450
__end_of_han_Display_Results     text2        07B6
__end_of_han_Number              text26       13C1
__end_of_initThermo              text4        13AC
__end_of_initkey                 text24       000F
__end_of_keymatrix               text22       1584
__end_of_lcd_init                text36       0839
__end_of_main                    maintext     00E4
__end_of_mainThermo              text3        0A8E
__end_of_port_init               text1        13DD
__end_of_qushu                   text41       16CC
__end_of_read_byte               text8        08BE
__end_of_reset                   text7        1783
__end_of_scan                    text23       0E1A
__end_of_send_d                  text42       1428
__end_of_send_i                  text40       143C
__end_of_set_time                text31       0CA5
__end_of_sound200ms              text17       094B
__end_of_sounddelay0             text18       147A
__end_of_tableds2                strings      1010
__end_of_time_read_1             text51       09E2
__end_of_time_write_1            text50       1655
__end_of_wr_zb                   text37       13EE
__end_of_write_byte              text6        0902
__initialization                 cinit        07B6
__pbssBANK0                      bssBANK0     0049
__pbssBANK1                      bssBANK1     00A0
__pcstackBANK0                   cstackBANK0  0020
__pcstackCOMMON                  cstackCOMMON 0070
__pdataBANK0                     dataBANK0    006C
__pdataBANK1                     dataBANK1    00DA
__pdataBANK2                     dataBANK2    0110
__pdataBANK3                     dataBANK3    0190
__pidataBANK0                    idataBANK0   13A1
__pidataBANK1                    idataBANK1   14A5
__pidataBANK2                    idataBANK2   1783
__pidataBANK3                    idataBANK3   09E2
__pmaintext                      maintext     0028
__pstrings                       strings      1000
__ptext1                         text1        13CE
__ptext10                        text10       147A
__ptext11                        text11       0839
__ptext12                        text12       094B
__ptext13                        text13       0AED
__ptext14                        text14       0BC1
__ptext15                        text15       00E4
__ptext16                        text16       13C1
__ptext17                        text17       0902
__ptext18                        text18       1465
__ptext19                        text19       1450
__ptext2                         text2        04E0
__ptext20                        text20       0D19
__ptext21                        text21       0288
__ptext22                        text22       1558
__ptext23                        text23       0D8F
__ptext24                        text24       0006
__ptext25                        text25       0F4C
__ptext26                        text26       13B4
__ptext27                        text27       14E1
__ptext28                        text28       0CA5
__ptext29                        text29       0E1A
__ptext3                         text3        0A30
__ptext30                        text30       15E3
__ptext31                        text31       0C32
__ptext32                        text32       0B50
__ptext33                        text33       0EA7
__ptext34                        text34       1507
__ptext35                        text35       15B2
__ptext36                        text36       0801
__ptext37                        text37       13DD
__ptext38                        text38       13EE
__ptext39                        text39       143C
__ptext4                         text4        13A5
__ptext40                        text40       1428
__ptext41                        text41       1690
__ptext42                        text42       1414
__ptext43                        text43       1584
__ptext44                        text44       14BB
__ptext45                        text45       0A8E
__ptext46                        text46       000F
__ptext47                        text47       1709
__ptext48                        text48       1655
__ptext49                        text49       16CC
__ptext5                         text5        0381
__ptext50                        text50       161A
__ptext51                        text51       0996
__ptext52                        text52       01A2
__ptext53                        text53       148F
__ptext54                        text54       152F
__ptext6                         text6        08BE
__ptext7                         text7        1746
__ptext8                         text8        087A
__ptext9                         text9        17C0
__size_of_ArrayReset             (abs)        0000
__size_of_BiggerThanX            (abs)        0000
__size_of_BuzzerActivate         (abs)        0000
__size_of_CalculateDate          (abs)        0000
__size_of_CalculateTime          (abs)        0000
__size_of_CallInvalid            (abs)        0000
__size_of_ClockMain              (abs)        0000
__size_of_DateMain               (abs)        0000
__size_of_EnterData              (abs)        0000
__size_of_GetValue               (abs)        0000
__size_of_GetWeekDay             (abs)        0000
__size_of_Insert                 (abs)        0000
__size_of_Nextday                (abs)        0000
__size_of_SetTimeMethod          (abs)        0000
__size_of___awdiv                (abs)        0000
__size_of___awmod                (abs)        0000
__size_of___bmul                 (abs)        0000
__size_of___lwdiv                (abs)        0000
__size_of___lwmod                (abs)        0000
__size_of___wmul                 (abs)        0000
__size_of_chk_busy               (abs)        0000
__size_of_clear_p                (abs)        0000
__size_of_delay                  (abs)        0000
__size_of_delayThermo            (abs)        0000
__size_of_displayThermo          (abs)        0000
__size_of_display_key            (abs)        0000
__size_of_ds1302_init            (abs)        0000
__size_of_ds_delay               (abs)        0000
__size_of_ds_display             (abs)        0000
__size_of_get_temp               (abs)        0000
__size_of_get_time               (abs)        0000
__size_of_han_DSet               (abs)        0000
__size_of_han_Display            (abs)        0000
__size_of_han_Display_Results    (abs)        0000
__size_of_han_Number             (abs)        0000
__size_of_initThermo             (abs)        0000
__size_of_initkey                (abs)        0000
__size_of_keymatrix              (abs)        0000
__size_of_lcd_init               (abs)        0000
__size_of_main                   (abs)        0000
__size_of_mainThermo             (abs)        0000
__size_of_port_init              (abs)        0000
__size_of_qushu                  (abs)        0000
__size_of_read_byte              (abs)        0000
__size_of_reset                  (abs)        0000
__size_of_scan                   (abs)        0000
__size_of_send_d                 (abs)        0000
__size_of_send_i                 (abs)        0000
__size_of_set_time               (abs)        0000
__size_of_sound200ms             (abs)        0000
__size_of_sounddelay0            (abs)        0000
__size_of_time_read_1            (abs)        0000
__size_of_time_write_1           (abs)        0000
__size_of_wr_zb                  (abs)        0000
__size_of_write_byte             (abs)        0000
__stringbase                     strings      1005
__stringtab                      strings      1000
_baifen                          bssBANK0     005B
_busy                            bssBANK0     0063
_chk_busy                        text43       1584
_clear_p                         text38       13EE
_delay                           text44       14BB
_delayThermo                     text10       147A
_displayThermo                   text9        17C0
_display_SetDate                 dataBANK3    01D7
_display_SetTime                 dataBANK1    00E9
_display_SetTriggerTemp          dataBANK3    01D0
_display_key                     text25       0F4C
_display_number                  dataBANK3    01B8
_display_number_Clock            dataBANK3    01AE
_ds1302_init                     text19       1450
_ds_delay                        text53       148F
_ds_display                      text52       01A2
_ge                              bssBANK0     005D
_get_temp                        text5        0381
_get_time                        text49       16CC
_han_DSet                        text27       14E1
_han_Display                     text39       143C
_han_Display_Results             text2        04E0
_han_Number                      text26       13B4
_initThermo                      text4        13A5
_initkey                         text24       0006
_keymatrix                       text22       1558
_lcd_init                        text36       0801
_lcd_x                           bssBANK1     00BB
_lcd_y                           bssBANK1     00B9
_letter                          dataBANK0    006F
_main                            maintext     0028
_mainThermo                      text3        0A30
_port_init                       text1        13CE
_qianfen                         bssBANK0     005A
_qushu                           text41       1690
_read_byte                       text8        087A
_reset                           text7        1746
_result                          bssBANK0     004E
_scan                            text23       0D8F
_send_d                          text42       1414
_send_i                          text40       1428
_set_time                        text31       0C32
_shi                             bssBANK0     005E
_shifen                          bssBANK0     005C
_sound200ms                      text17       0902
_sounddelay0                     text18       1465
_tableds                         dataBANK1    00DA
_tableds1                        bssBANK1     00A0
_time_read_1                     text51       0996
_time_rx                         bssBANK0     0064
_time_write_1                    text50       161A
_wanfen                          bssBANK0     0059
_wd                              bssBANK0     004C
_weekDay                         bssBANK0     0049
_wr_zb                           text37       13DD
_write_byte                      text6        08BE
btemp                            (abs)        007E
clear_ram0                       clrtext      13AC
delay@i                          cstackCOMMON 0070
delayThermo@x                    cstackCOMMON 0072
delayThermo@y                    cstackCOMMON 0070
delayThermo@z                    cstackCOMMON 0073
display_key@x                    cstackCOMMON 0070
ds_delay@i                       cstackCOMMON 0070
ds_display@i                     cstackCOMMON 0076
end_of_initialization            cinit        07FC
get_temp@i                       cstackBANK0  0024
get_time@i                       cstackCOMMON 0076
han_DSet@F1322                   dataBANK1    00E2
han_DSet@display_Set             cstackCOMMON 0078
han_Display@Data                 cstackCOMMON 007A
han_Display@DisplayPos           cstackCOMMON 0078
han_Display_Results@F1218        dataBANK3    01C9
han_Display_Results@W            cstackBANK0  0042
han_Display_Results@display_Temp cstackBANK0  003B
han_Number@DisplayPos            cstackCOMMON 0071
han_Number@NumberSelected        cstackCOMMON 0073
init_fetch0                      inittext     1401
init_ram0                        inittext     1405
intlevel0                        functab      0000
intlevel1                        functab      0000
intlevel2                        functab      0000
intlevel3                        functab      0000
intlevel4                        functab      0000
intlevel5                        functab      0000
keymatrix@ActiveSet              cstackCOMMON 0072
keymatrix@ButtonPressed_         cstackCOMMON 0073
mainThermo@Decimals_Temp         cstackBANK0  0027
mainThermo@F1080                 dataBANK3    0190
mainThermo@Ones_Temp             cstackBANK0  0026
mainThermo@Tens_Temp             cstackBANK0  0036
mainThermo@display_number        cstackBANK0  002C
qushu@counts                     cstackCOMMON 0072
qushu@i                          cstackCOMMON 0076
qushu@ps                         cstackCOMMON 0074
read_byte@i                      cstackCOMMON 0076
read_byte@j                      bssBANK0     0058
read_byte@value                  cstackCOMMON 0075
reset@presence                   cstackCOMMON 0075
reset_vec                        reset_vec    0000
send_d@x                         cstackCOMMON 0070
send_i@x                         cstackCOMMON 0070
set_time@Day_st                  cstackBANK0  0024
set_time@Hour                    cstackBANK0  0020
set_time@Min                     cstackBANK0  0022
set_time@Month_st                cstackBANK0  0026
set_time@Year_st                 cstackBANK0  0028
set_time@i                       cstackCOMMON 0076
sound200ms@fre_repeat            cstackCOMMON 0074
sound200ms@i                     cstackCOMMON 0078
sound200ms@j                     cstackCOMMON 0076
sound200ms@s_max                 cstackCOMMON 0075
sound200ms@s_min                 cstackCOMMON 0077
sounddelay0@delay_count          cstackCOMMON 0071
sounddelay0@i                    cstackCOMMON 0072
stackhi                          (abs)        0000
stacklo                          (abs)        0000
start                            init         0000
start_initialization             cinit        07B6
time_read_1@bitmask              cstackCOMMON 0072
time_read_1@j                    cstackCOMMON 0073
time_write_1@j                   cstackCOMMON 0072
time_write_1@time_tx             cstackCOMMON 0074
write_byte@i                     cstackCOMMON 0078
write_byte@temp                  cstackCOMMON 0076
write_byte@val                   cstackCOMMON 0077
wtemp0                           (abs)        007E


FUNCTION INFORMATION:

 *************** function _main *****************
 Defined at:
		line 63 in file "ACWmain.c"
 Parameters:    Size  Location     Type
		None
 Auto vars:     Size  Location     Type
		None
 Return value:  Size  Location     Type
                  1    wreg      void 
 Registers used:
		wreg, fsr0l, fsr0h, status,2, status,0, btemp+1, pclath, cstack
 Tracked objects:
		On entry : 
		On exit  : 
		Unchanged: 
 Data sizes:     COMMON   BANK0   BANK1   BANK3   BANK2
      Params:         0       0       0       0       0
      Locals:         0       0       0       0       0
      Temps:          0       5       0       0       0
      Totals:         0       5       0       0       0
Total ram usage:        5 bytes
 Hardware stack levels required when called:    8
 This function calls:
		_ArrayReset
		_CalculateDate
		_CalculateTime
		_ClockMain
		_DateMain
		_EnterData
		_Nextday
		_SetTimeMethod
		_ds1302_init
		_han_Display_Results
		_initThermo
		_initkey
		_keymatrix
		_lcd_init
		_port_init
 This function is called by:
		Startup code after reset
 This function uses a non-reentrant model


 *************** function _port_init *****************
 Defined at:
		line 181 in file "ds1302.c"
 Parameters:    Size  Location     Type
		None
 Auto vars:     Size  Location     Type
		None
 Return value:  Size  Location     Type
                  1    wreg      void 
 Registers used:
		wreg, status,2
 Tracked objects:
		On entry : 
		On exit  : 
		Unchanged: 
 Data sizes:     COMMON   BANK0   BANK1   BANK3   BANK2
      Params:         0       0       0       0       0
      Locals:         0       0       0       0       0
      Temps:          0       0       0       0       0
      Totals:         0       0       0       0       0
Total ram usage:        0 bytes
 Hardware stack levels used:    1
 This function calls:
		Nothing
 This function is called by:
		_main
 This function uses a non-reentrant model


 *************** function _han_Display_Results *****************
 Defined at:
		line 95 in file "ACWmain.c"
 Parameters:    Size  Location     Type
		None
 Auto vars:     Size  Location     Type
  W               2   34[BANK0 ] int 
  display_Temp    7   27[BANK0 ] unsigned char [7]
 Return value:  Size  Location     Type
                  1    wreg      void 
 Registers used:
		wreg, fsr0l, fsr0h, status,2, status,0, btemp+1, pclath, cstack
 Tracked objects:
		On entry : 
		On exit  : 
		Unchanged: 
 Data sizes:     COMMON   BANK0   BANK1   BANK3   BANK2
      Params:         0       0       0       0       0
      Locals:         0       9       0       0       0
      Temps:          0       4       0       0       0
      Totals:         0      13       0       0       0
Total ram usage:       13 bytes
 Hardware stack levels used:    1
 Hardware stack levels required when called:    4
 This function calls:
		_BuzzerActivate
		_GetWeekDay
		_delay
		_han_Display
		_mainThermo
		_send_d
 This function is called by:
		_main
 This function uses a non-reentrant model


 *************** function _mainThermo *****************
 Defined at:
		line 185 in file "Temperature.c"
 Parameters:    Size  Location     Type
  Tens_Temp       1    wreg     PTR int 
		 -> AllValues(21), 
  Ones_Temp       1    6[BANK0 ] PTR int 
		 -> AllValues(21), 
  Decimals_Tem    1    7[BANK0 ] PTR int 
		 -> AllValues(21), 
 Auto vars:     Size  Location     Type
  Tens_Temp       1   22[BANK0 ] PTR int 
		 -> AllValues(21), 
  display_numb   10   12[BANK0 ] unsigned char [10]
 Return value:  Size  Location     Type
                  1    wreg      void 
 Registers used:
		wreg, fsr0l, fsr0h, status,2, status,0, btemp+1, pclath, cstack
 Tracked objects:
		On entry : 
		On exit  : 
		Unchanged: 
 Data sizes:     COMMON   BANK0   BANK1   BANK3   BANK2
      Params:         0       2       0       0       0
      Locals:         0      11       0       0       0
      Temps:          0       4       0       0       0
      Totals:         0      17       0       0       0
Total ram usage:       17 bytes
 Hardware stack levels used:    1
 Hardware stack levels required when called:    3
 This function calls:
		_displayThermo
		_get_temp
		_initThermo
 This function is called by:
		_han_Display_Results
 This function uses a non-reentrant model


 *************** function _initThermo *****************
 Defined at:
		line 68 in file "Temperature.c"
 Parameters:    Size  Location     Type
		None
 Auto vars:     Size  Location     Type
		None
 Return value:  Size  Location     Type
                  1    wreg      void 
 Registers used:
		wreg, status,2
 Tracked objects:
		On entry : 
		On exit  : 
		Unchanged: 
 Data sizes:     COMMON   BANK0   BANK1   BANK3   BANK2
      Params:         0       0       0       0       0
      Locals:         0       0       0       0       0
      Temps:          0       0       0       0       0
      Totals:         0       0       0       0       0
Total ram usage:        0 bytes
 Hardware stack levels used:    1
 This function calls:
		Nothing
 This function is called by:
		_main
		_mainThermo
 This function uses a non-reentrant model


 *************** function _get_temp *****************
 Defined at:
		line 148 in file "Temperature.c"
 Parameters:    Size  Location     Type
		None
 Auto vars:     Size  Location     Type
  i               2    4[BANK0 ] int 
 Return value:  Size  Location     Type
                  1    wreg      void 
 Registers used:
		wreg, status,2, status,0, btemp+1, pclath, cstack
 Tracked objects:
		On entry : 
		On exit  : 
		Unchanged: 
 Data sizes:     COMMON   BANK0   BANK1   BANK3   BANK2
      Params:         0       0       0       0       0
      Locals:         0       2       0       0       0
      Temps:          0       4       0       0       0
      Totals:         0       6       0       0       0
Total ram usage:        6 bytes
 Hardware stack levels used:    1
 Hardware stack levels required when called:    2
 This function calls:
		___awdiv
		___awmod
		___lwdiv
		___lwmod
		_displayThermo
		_read_byte
		_reset
		_write_byte
 This function is called by:
		_mainThermo
 This function uses a non-reentrant model


 *************** function _write_byte *****************
 Defined at:
		line 94 in file "Temperature.c"
 Parameters:    Size  Location     Type
  val             1    wreg     unsigned char 
 Auto vars:     Size  Location     Type
  val             1    7[COMMON] unsigned char 
  i               1    8[COMMON] unsigned char 
  temp            1    6[COMMON] unsigned char 
 Return value:  Size  Location     Type
                  1    wreg      void 
 Registers used:
		wreg, status,2, status,0, pclath, cstack
 Tracked objects:
		On entry : 
		On exit  : 
		Unchanged: 
 Data sizes:     COMMON   BANK0   BANK1   BANK3   BANK2
      Params:         0       0       0       0       0
      Locals:         3       0       0       0       0
      Temps:          2       0       0       0       0
      Totals:         5       0       0       0       0
Total ram usage:        5 bytes
 Hardware stack levels used:    1
 Hardware stack levels required when called:    1
 This function calls:
		_delayThermo
 This function is called by:
		_get_temp
 This function uses a non-reentrant model


 *************** function _reset *****************
 Defined at:
		line 77 in file "Temperature.c"
 Parameters:    Size  Location     Type
		None
 Auto vars:     Size  Location     Type
  presence        1    5[COMMON] unsigned char 
 Return value:  Size  Location     Type
                  1    wreg      void 
 Registers used:
		wreg, status,2, status,0, pclath, cstack
 Tracked objects:
		On entry : 
		On exit  : 
		Unchanged: 
 Data sizes:     COMMON   BANK0   BANK1   BANK3   BANK2
      Params:         0       0       0       0       0
      Locals:         1       0       0       0       0
      Temps:          1       0       0       0       0
      Totals:         2       0       0       0       0
Total ram usage:        2 bytes
 Hardware stack levels used:    1
 Hardware stack levels required when called:    1
 This function calls:
		_delayThermo
 This function is called by:
		_get_temp
 This function uses a non-reentrant model


 *************** function _read_byte *****************
 Defined at:
		line 118 in file "Temperature.c"
 Parameters:    Size  Location     Type
		None
 Auto vars:     Size  Location     Type
  i               1    6[COMMON] unsigned char 
  value           1    5[COMMON] unsigned char 
 Return value:  Size  Location     Type
                  1    wreg      unsigned char 
 Registers used:
		wreg, status,2, status,0, pclath, cstack
 Tracked objects:
		On entry : 
		On exit  : 
		Unchanged: 
 Data sizes:     COMMON   BANK0   BANK1   BANK3   BANK2
      Params:         0       0       0       0       0
      Locals:         2       0       0       0       0
      Temps:          1       0       0       0       0
      Totals:         3       0       0       0       0
Total ram usage:        3 bytes
 Hardware stack levels used:    1
 Hardware stack levels required when called:    1
 This function calls:
		_delayThermo
 This function is called by:
		_get_temp
 This function uses a non-reentrant model


 *************** function _displayThermo *****************
 Defined at:
		line 56 in file "Temperature.c"
 Parameters:    Size  Location     Type
		None
 Auto vars:     Size  Location     Type
		None
 Return value:  Size  Location     Type
                  1    wreg      void 
 Registers used:
		wreg, status,2, status,0, pclath, cstack
 Tracked objects:
		On entry : 
		On exit  : 
		Unchanged: 
 Data sizes:     COMMON   BANK0   BANK1   BANK3   BANK2
      Params:         0       0       0       0       0
      Locals:         0       0       0       0       0
      Temps:          2       0       0       0       0
      Totals:         2       0       0       0       0
Total ram usage:        2 bytes
 Hardware stack levels used:    1
 Hardware stack levels required when called:    1
 This function calls:
		_delayThermo
 This function is called by:
		_get_temp
		_mainThermo
 This function uses a non-reentrant model


 *************** function _delayThermo *****************
 Defined at:
		line 45 in file "Temperature.c"
 Parameters:    Size  Location     Type
  x               1    wreg     unsigned char 
  y               1    0[COMMON] unsigned char 
 Auto vars:     Size  Location     Type
  x               1    2[COMMON] unsigned char 
  z               1    3[COMMON] unsigned char 
 Return value:  Size  Location     Type
                  1    wreg      void 
 Registers used:
		wreg, status,2, status,0
 Tracked objects:
		On entry : 
		On exit  : 
		Unchanged: 
 Data sizes:     COMMON   BANK0   BANK1   BANK3   BANK2
      Params:         1       0       0       0       0
      Locals:         2       0       0       0       0
      Temps:          1       0       0       0       0
      Totals:         4       0       0       0       0
Total ram usage:        4 bytes
 Hardware stack levels used:    1
 This function calls:
		Nothing
 This function is called by:
		_displayThermo
		_reset
		_write_byte
		_read_byte
 This function uses a non-reentrant model


 *************** function ___lwmod *****************
 Defined at:
		line 5 in file "C:\Program Files (x86)\Microchip\xc8\v2.00\pic\sources\c90\common\lwmod.c"
 Parameters:    Size  Location     Type
  divisor         2    0[COMMON] unsigned int 
  dividend        2    2[COMMON] unsigned int 
 Auto vars:     Size  Location     Type
  counter         1    5[COMMON] unsigned char 
 Return value:  Size  Location     Type
                  2    0[COMMON] unsigned int 
 Registers used:
		wreg, status,2, status,0
 Tracked objects:
		On entry : 
		On exit  : 
		Unchanged: 
 Data sizes:     COMMON   BANK0   BANK1   BANK3   BANK2
      Params:         4       0       0       0       0
      Locals:         1       0       0       0       0
      Temps:          1       0       0       0       0
      Totals:         6       0       0       0       0
Total ram usage:        6 bytes
 Hardware stack levels used:    1
 This function calls:
		Nothing
 This function is called by:
		_get_temp
 This function uses a non-reentrant model


 *************** function ___lwdiv *****************
 Defined at:
		line 5 in file "C:\Program Files (x86)\Microchip\xc8\v2.00\pic\sources\c90\common\lwdiv.c"
 Parameters:    Size  Location     Type
  divisor         2    6[COMMON] unsigned int 
  dividend        2    8[COMMON] unsigned int 
 Auto vars:     Size  Location     Type
  quotient        2   11[COMMON] unsigned int 
  counter         1   13[COMMON] unsigned char 
 Return value:  Size  Location     Type
                  2    6[COMMON] unsigned int 
 Registers used:
		wreg, status,2, status,0
 Tracked objects:
		On entry : 
		On exit  : 
		Unchanged: 
 Data sizes:     COMMON   BANK0   BANK1   BANK3   BANK2
      Params:         4       0       0       0       0
      Locals:         3       0       0       0       0
      Temps:          1       0       0       0       0
      Totals:         8       0       0       0       0
Total ram usage:        8 bytes
 Hardware stack levels used:    1
 This function calls:
		Nothing
 This function is called by:
		_get_temp
 This function uses a non-reentrant model


 *************** function ___awmod *****************
 Defined at:
		line 5 in file "C:\Program Files (x86)\Microchip\xc8\v2.00\pic\sources\c90\common\awmod.c"
 Parameters:    Size  Location     Type
  divisor         2    0[COMMON] int 
  dividend        2    2[COMMON] int 
 Auto vars:     Size  Location     Type
  sign            1    6[COMMON] unsigned char 
  counter         1    5[COMMON] unsigned char 
 Return value:  Size  Location     Type
                  2    0[COMMON] int 
 Registers used:
		wreg, status,2, status,0
 Tracked objects:
		On entry : 
		On exit  : 
		Unchanged: 
 Data sizes:     COMMON   BANK0   BANK1   BANK3   BANK2
      Params:         4       0       0       0       0
      Locals:         2       0       0       0       0
      Temps:          1       0       0       0       0
      Totals:         7       0       0       0       0
Total ram usage:        7 bytes
 Hardware stack levels used:    1
 This function calls:
		Nothing
 This function is called by:
		_get_temp
 This function uses a non-reentrant model


 *************** function ___awdiv *****************
 Defined at:
		line 5 in file "C:\Program Files (x86)\Microchip\xc8\v2.00\pic\sources\c90\common\awdiv.c"
 Parameters:    Size  Location     Type
  divisor         2    0[COMMON] int 
  dividend        2    2[COMMON] int 
 Auto vars:     Size  Location     Type
  quotient        2    7[COMMON] int 
  sign            1    6[COMMON] unsigned char 
  counter         1    5[COMMON] unsigned char 
 Return value:  Size  Location     Type
                  2    0[COMMON] int 
 Registers used:
		wreg, status,2, status,0
 Tracked objects:
		On entry : 
		On exit  : 
		Unchanged: 
 Data sizes:     COMMON   BANK0   BANK1   BANK3   BANK2
      Params:         4       0       0       0       0
      Locals:         4       0       0       0       0
      Temps:          1       0       0       0       0
      Totals:         9       0       0       0       0
Total ram usage:        9 bytes
 Hardware stack levels used:    1
 This function calls:
		Nothing
 This function is called by:
		_get_temp
 This function uses a non-reentrant model


 *************** function _GetWeekDay *****************
 Defined at:
		line 209 in file "ACWmain.c"
 Parameters:    Size  Location     Type
		None
 Auto vars:     Size  Location     Type
		None
 Return value:  Size  Location     Type
                  1    wreg      void 
 Registers used:
		wreg, fsr0l, fsr0h, status,2, status,0
 Tracked objects:
		On entry : 
		On exit  : 
		Unchanged: 
 Data sizes:     COMMON   BANK0   BANK1   BANK3   BANK2
      Params:         0       0       0       0       0
      Locals:         0       0       0       0       0
      Temps:          2       0       0       0       0
      Totals:         2       0       0       0       0
Total ram usage:        2 bytes
 Hardware stack levels used:    1
 This function calls:
		Nothing
 This function is called by:
		_han_Display_Results
 This function uses a non-reentrant model


 *************** function _BuzzerActivate *****************
 Defined at:
		line 62 in file "Buzzer.c"
 Parameters:    Size  Location     Type
		None
 Auto vars:     Size  Location     Type
		None
 Return value:  Size  Location     Type
                  1    wreg      void 
 Registers used:
		wreg, status,2, status,0, pclath, cstack
 Tracked objects:
		On entry : 
		On exit  : 
		Unchanged: 
 Data sizes:     COMMON   BANK0   BANK1   BANK3   BANK2
      Params:         0       0       0       0       0
      Locals:         0       0       0       0       0
      Temps:          0       0       0       0       0
      Totals:         0       0       0       0       0
Total ram usage:        0 bytes
 Hardware stack levels used:    1
 Hardware stack levels required when called:    2
 This function calls:
		_sound200ms
 This function is called by:
		_han_Display_Results
 This function uses a non-reentrant model


 *************** function _sound200ms *****************
 Defined at:
		line 40 in file "Buzzer.c"
 Parameters:    Size  Location     Type
		None
 Auto vars:     Size  Location     Type
  i               1    8[COMMON] unsigned char 
  s_min           1    7[COMMON] unsigned char 
  j               1    6[COMMON] unsigned char 
  s_max           1    5[COMMON] unsigned char 
  fre_repeat      1    4[COMMON] unsigned char 
 Return value:  Size  Location     Type
                  1    wreg      void 
 Registers used:
		wreg, status,2, status,0, pclath, cstack
 Tracked objects:
		On entry : 
		On exit  : 
		Unchanged: 
 Data sizes:     COMMON   BANK0   BANK1   BANK3   BANK2
      Params:         0       0       0       0       0
      Locals:         5       0       0       0       0
      Temps:          1       0       0       0       0
      Totals:         6       0       0       0       0
Total ram usage:        6 bytes
 Hardware stack levels used:    1
 Hardware stack levels required when called:    1
 This function calls:
		_sounddelay0
 This function is called by:
		_BuzzerActivate
 This function uses a non-reentrant model


 *************** function _sounddelay0 *****************
 Defined at:
		line 32 in file "Buzzer.c"
 Parameters:    Size  Location     Type
  delay_count     1    wreg     unsigned char 
 Auto vars:     Size  Location     Type
  delay_count     1    1[COMMON] unsigned char 
  i               1    2[COMMON] unsigned char 
 Return value:  Size  Location     Type
                  1    wreg      void 
 Registers used:
		wreg, status,2, status,0
 Tracked objects:
		On entry : 
		On exit  : 
		Unchanged: 
 Data sizes:     COMMON   BANK0   BANK1   BANK3   BANK2
      Params:         0       0       0       0       0
      Locals:         2       0       0       0       0
      Temps:          1       0       0       0       0
      Totals:         3       0       0       0       0
Total ram usage:        3 bytes
 Hardware stack levels used:    1
 This function calls:
		Nothing
 This function is called by:
		_sound200ms
 This function uses a non-reentrant model


 *************** function _ds1302_init *****************
 Defined at:
		line 90 in file "ds1302.c"
 Parameters:    Size  Location     Type
		None
 Auto vars:     Size  Location     Type
		None
 Return value:  Size  Location     Type
                  1    wreg      void 
 Registers used:
		wreg, status,2, status,0, btemp+1, pclath, cstack
 Tracked objects:
		On entry : 
		On exit  : 
		Unchanged: 
 Data sizes:     COMMON   BANK0   BANK1   BANK3   BANK2
      Params:         0       0       0       0       0
      Locals:         0       0       0       0       0
      Temps:          0       0       0       0       0
      Totals:         0       0       0       0       0
Total ram usage:        0 bytes
 Hardware stack levels used:    1
 Hardware stack levels required when called:    1
 This function calls:
		_time_write_1
 This function is called by:
		_main
 This function uses a non-reentrant model


 *************** function _Nextday *****************
 Defined at:
		line 133 in file "ACWmain.c"
 Parameters:    Size  Location     Type
		None
 Auto vars:     Size  Location     Type
		None
 Return value:  Size  Location     Type
                  1    wreg      void 
 Registers used:
		wreg, fsr0l, fsr0h, status,2, status,0
 Tracked objects:
		On entry : 
		On exit  : 
		Unchanged: 
 Data sizes:     COMMON   BANK0   BANK1   BANK3   BANK2
      Params:         0       0       0       0       0
      Locals:         0       0       0       0       0
      Temps:          2       0       0       0       0
      Totals:         2       0       0       0       0
Total ram usage:        2 bytes
 Hardware stack levels used:    1
 This function calls:
		Nothing
 This function is called by:
		_main
 This function uses a non-reentrant model


 *************** function _EnterData *****************
 Defined at:
		line 174 in file "ACWmain.c"
 Parameters:    Size  Location     Type
		None
 Auto vars:     Size  Location     Type
		None
 Return value:  Size  Location     Type
                  1    wreg      void 
 Registers used:
		wreg, fsr0l, fsr0h, status,2, status,0, btemp+1, pclath, cstack
 Tracked objects:
		On entry : 
		On exit  : 
		Unchanged: 
 Data sizes:     COMMON   BANK0   BANK1   BANK3   BANK2
      Params:         0       0       0       0       0
      Locals:         0       0       0       0       0
      Temps:          0       2       0       0       0
      Totals:         0       2       0       0       0
Total ram usage:        2 bytes
 Hardware stack levels used:    1
 Hardware stack levels required when called:    7
 This function calls:
		_GetValue
		_delay
		_han_DSet
		_han_Display
		_han_Number
		_keymatrix
		_lcd_init
 This function is called by:
		_main
 This function uses a non-reentrant model


 *************** function _keymatrix *****************
 Defined at:
		line 39 in file "Buttons.c"
 Parameters:    Size  Location     Type
  ButtonPresse    1    wreg     PTR int 
		 -> ButtonPressed(2), 
  ActiveSet       1    2[COMMON] PTR int 
		 -> ActiveSet(2), 
 Auto vars:     Size  Location     Type
  ButtonPresse    1    3[COMMON] PTR int 
		 -> ButtonPressed(2), 
 Return value:  Size  Location     Type
                  1    wreg      void 
 Registers used:
		wreg, fsr0l, fsr0h, status,2, status,0, pclath, cstack
 Tracked objects:
		On entry : 
		On exit  : 
		Unchanged: 
 Data sizes:     COMMON   BANK0   BANK1   BANK3   BANK2
      Params:         1       0       0       0       0
      Locals:         1       0       0       0       0
      Temps:          0       0       0       0       0
      Totals:         2       0       0       0       0
Total ram usage:        2 bytes
 Hardware stack levels used:    1
 Hardware stack levels required when called:    1
 This function calls:
		_display_key
		_initkey
		_scan
 This function is called by:
		_main
		_EnterData
 This function uses a non-reentrant model


 *************** function _scan *****************
 Defined at:
		line 67 in file "Buttons.c"
 Parameters:    Size  Location     Type
		None
 Auto vars:     Size  Location     Type
		None
 Return value:  Size  Location     Type
                  1    wreg      void 
 Registers used:
		wreg, status,2, status,0
 Tracked objects:
		On entry : 
		On exit  : 
		Unchanged: 
 Data sizes:     COMMON   BANK0   BANK1   BANK3   BANK2
      Params:         0       0       0       0       0
      Locals:         0       0       0       0       0
      Temps:          2       0       0       0       0
      Totals:         2       0       0       0       0
Total ram usage:        2 bytes
 Hardware stack levels used:    1
 This function calls:
		Nothing
 This function is called by:
		_keymatrix
 This function uses a non-reentrant model


 *************** function _initkey *****************
 Defined at:
		line 55 in file "Buttons.c"
 Parameters:    Size  Location     Type
		None
 Auto vars:     Size  Location     Type
		None
 Return value:  Size  Location     Type
                  1    wreg      void 
 Registers used:
		wreg
 Tracked objects:
		On entry : 
		On exit  : 
		Unchanged: 
 Data sizes:     COMMON   BANK0   BANK1   BANK3   BANK2
      Params:         0       0       0       0       0
      Locals:         0       0       0       0       0
      Temps:          0       0       0       0       0
      Totals:         0       0       0       0       0
Total ram usage:        0 bytes
 Hardware stack levels used:    1
 This function calls:
		Nothing
 This function is called by:
		_main
		_keymatrix
 This function uses a non-reentrant model


 *************** function _display_key *****************
 Defined at:
		line 119 in file "Buttons.c"
 Parameters:    Size  Location     Type
  x               2    0[COMMON] int 
 Auto vars:     Size  Location     Type
		None
 Return value:  Size  Location     Type
                  1    wreg      void 
 Registers used:
		wreg, fsr0l, fsr0h, status,2, status,0
 Tracked objects:
		On entry : 
		On exit  : 
		Unchanged: 
 Data sizes:     COMMON   BANK0   BANK1   BANK3   BANK2
      Params:         2       0       0       0       0
      Locals:         0       0       0       0       0
      Temps:          0       0       0       0       0
      Totals:         2       0       0       0       0
Total ram usage:        2 bytes
 Hardware stack levels used:    1
 This function calls:
		Nothing
 This function is called by:
		_keymatrix
 This function uses a non-reentrant model


 *************** function _han_Number *****************
 Defined at:
		line 60 in file "LCD.c"
 Parameters:    Size  Location     Type
  DisplayPos      2    1[COMMON] int 
  NumberSelect    2    3[COMMON] int 
 Auto vars:     Size  Location     Type
		None
 Return value:  Size  Location     Type
                  1    wreg      void 
 Registers used:
		wreg, status,2, status,0, pclath, cstack
 Tracked objects:
		On entry : 
		On exit  : 
		Unchanged: 
 Data sizes:     COMMON   BANK0   BANK1   BANK3   BANK2
      Params:         4       0       0       0       0
      Locals:         0       0       0       0       0
      Temps:          0       0       0       0       0
[...]
      Params:         0       0       0       0       0
      Locals:         1       0       0       0       0
      Temps:          0       0       0       0       0
      Totals:         1       0       0       0       0
Total ram usage:        1 bytes
 Hardware stack levels used:    1
 Hardware stack levels required when called:    1
 This function calls:
		_chk_busy
 This function is called by:
		_han_DSet
		_lcd_init
		_han_Number
		_han_Display
		_wr_zb
		_clear_p
 This function uses a non-reentrant model


 *************** function _qushu *****************
 Defined at:
		line 145 in file "LCD.c"
 Parameters:    Size  Location     Type
  counts          2    2[COMMON] int 
  ps              2    4[COMMON] PTR const unsigned char 
		 -> CallInvalid@display_Invalid(7), han_DSet@display_Set(5), display_SetTime(7), display_SetDate(7), 
		 -> display_SetTriggerTemp(7), han_Display_Results@display_Temp(7), 
 Auto vars:     Size  Location     Type
  i               2    6[COMMON] int 
 Return value:  Size  Location     Type
                  1    wreg      void 
 Registers used:
		wreg, fsr0l, fsr0h, status,2, status,0, btemp+1, pclath, cstack
 Tracked objects:
		On entry : 
		On exit  : 
		Unchanged: 
 Data sizes:     COMMON   BANK0   BANK1   BANK3   BANK2
      Params:         4       0       0       0       0
      Locals:         2       0       0       0       0
      Temps:          0       0       0       0       0
      Totals:         6       0       0       0       0
Total ram usage:        6 bytes
 Hardware stack levels used:    1
 Hardware stack levels required when called:    2
 This function calls:
		_delay
		_send_d
 This function is called by:
		_han_DSet
		_han_Display
 This function uses a non-reentrant model


 *************** function _send_d *****************
 Defined at:
		line 90 in file "LCD.c"
 Parameters:    Size  Location     Type
  x               1    wreg     unsigned char 
 Auto vars:     Size  Location     Type
  x               1    0[COMMON] unsigned char 
 Return value:  Size  Location     Type
                  1    wreg      void 
 Registers used:
		wreg, status,2, status,0, pclath, cstack
 Tracked objects:
		On entry : 
		On exit  : 
		Unchanged: 
 Data sizes:     COMMON   BANK0   BANK1   BANK3   BANK2
      Params:         0       0       0       0       0
      Locals:         1       0       0       0       0
      Temps:          0       0       0       0       0
      Totals:         1       0       0       0       0
Total ram usage:        1 bytes
 Hardware stack levels used:    1
 Hardware stack levels required when called:    1
 This function calls:
		_chk_busy
 This function is called by:
		_han_Display_Results
		_CallInvalid
		_han_Number
		_qushu
 This function uses a non-reentrant model


 *************** function _chk_busy *****************
 Defined at:
		line 120 in file "LCD.c"
 Parameters:    Size  Location     Type
		None
 Auto vars:     Size  Location     Type
		None
 Return value:  Size  Location     Type
                  1    wreg      void 
 Registers used:
		wreg, status,2, status,0
 Tracked objects:
		On entry : 
		On exit  : 
		Unchanged: 
 Data sizes:     COMMON   BANK0   BANK1   BANK3   BANK2
      Params:         0       0       0       0       0
      Locals:         0       0       0       0       0
      Temps:          0       0       0       0       0
      Totals:         0       0       0       0       0
Total ram usage:        0 bytes
 Hardware stack levels used:    1
 This function calls:
		Nothing
 This function is called by:
		_send_d
		_send_i
 This function uses a non-reentrant model


 *************** function _delay *****************
 Defined at:
		line 158 in file "LCD.c"
 Parameters:    Size  Location     Type
		None
 Auto vars:     Size  Location     Type
  i               2    0[COMMON] int 
 Return value:  Size  Location     Type
                  1    wreg      void 
 Registers used:
		wreg, status,2, btemp+1
 Tracked objects:
		On entry : 
		On exit  : 
		Unchanged: 
 Data sizes:     COMMON   BANK0   BANK1   BANK3   BANK2
      Params:         0       0       0       0       0
      Locals:         2       0       0       0       0
      Temps:          0       0       0       0       0
      Totals:         2       0       0       0       0
Total ram usage:        2 bytes
 Hardware stack levels used:    1
 This function calls:
		Nothing
 This function is called by:
		_han_Display_Results
		_EnterData
		_lcd_init
		_qushu
 This function uses a non-reentrant model


 *************** function _ArrayReset *****************
 Defined at:
		line 308 in file "ACWmain.c"
 Parameters:    Size  Location     Type
  ChosenArray     2    4[COMMON] int 
 Auto vars:     Size  Location     Type
  j               2    9[COMMON] int 
 Return value:  Size  Location     Type
                  1    wreg      void 
 Registers used:
		wreg, fsr0l, fsr0h, status,2, status,0, btemp+1, pclath, cstack
 Tracked objects:
		On entry : 
		On exit  : 
		Unchanged: 
 Data sizes:     COMMON   BANK0   BANK1   BANK3   BANK2
      Params:         2       0       0       0       0
      Locals:         2       0       0       0       0
      Temps:          3       0       0       0       0
      Totals:         7       0       0       0       0
Total ram usage:        7 bytes
 Hardware stack levels used:    1
 Hardware stack levels required when called:    1
 This function calls:
		___bmul
 This function is called by:
		_main
		_BiggerThanX
 This function uses a non-reentrant model


 *************** function ___bmul *****************
 Defined at:
		line 4 in file "C:\Program Files (x86)\Microchip\xc8\v2.00\pic\sources\c90\common\Umul8.c"
 Parameters:    Size  Location     Type
  multiplier      1    wreg     unsigned char 
  multiplicand    1    0[COMMON] unsigned char 
 Auto vars:     Size  Location     Type
  multiplier      1    3[COMMON] unsigned char 
  product         1    2[COMMON] unsigned char 
 Return value:  Size  Location     Type
                  1    wreg      unsigned char 
 Registers used:
		wreg, status,2, status,0
 Tracked objects:
		On entry : 
		On exit  : 
		Unchanged: 
 Data sizes:     COMMON   BANK0   BANK1   BANK3   BANK2
      Params:         1       0       0       0       0
      Locals:         2       0       0       0       0
      Temps:          1       0       0       0       0
      Totals:         4       0       0       0       0
Total ram usage:        4 bytes
 Hardware stack levels used:    1
 This function calls:
		Nothing
 This function is called by:
		_ArrayReset
 This function uses a non-reentrant model


 *************** function _DateMain *****************
 Defined at:
		line 74 in file "ds1302.c"
 Parameters:    Size  Location     Type
  Year1_Temp      1    wreg     PTR unsigned char 
		 -> AllValues(21), 
  Year2_Temp      1    8[COMMON] PTR unsigned char 
		 -> AllValues(21), 
  Month1_Temp     1    9[COMMON] PTR unsigned char 
		 -> AllValues(21), 
  Month2_Temp     1   10[COMMON] PTR unsigned char 
		 -> AllValues(21), 
  Day1_Temp       1   11[COMMON] PTR unsigned char 
		 -> AllValues(21), 
  Day2_Temp       1   12[COMMON] PTR unsigned char 
		 -> AllValues(21), 
 Auto vars:     Size  Location     Type
  Year1_Temp      1    0[BANK0 ] PTR unsigned char 
		 -> AllValues(21), 
 Return value:  Size  Location     Type
                  1    wreg      void 
 Registers used:
		wreg, fsr0l, fsr0h, status,2, status,0, btemp+1, pclath, cstack
 Tracked objects:
		On entry : 
		On exit  : 
		Unchanged: 
 Data sizes:     COMMON   BANK0   BANK1   BANK3   BANK2
      Params:         5       0       0       0       0
      Locals:         0       1       0       0       0
      Temps:          1       0       0       0       0
      Totals:         6       1       0       0       0
Total ram usage:        7 bytes
 Hardware stack levels used:    1
 Hardware stack levels required when called:    2
 This function calls:
		_ds_display
		_get_time
 This function is called by:
		_main
 This function uses a non-reentrant model


 *************** function _ClockMain *****************
 Defined at:
		line 58 in file "ds1302.c"
 Parameters:    Size  Location     Type
  Hour1_Temp      1    wreg     PTR unsigned char 
		 -> AllValues(21), 
  Hour2_Temp      1    8[COMMON] PTR unsigned char 
		 -> AllValues(21), 
  Min1_Temp       1    9[COMMON] PTR unsigned char 
		 -> AllValues(21), 
  Min2_Temp       1   10[COMMON] PTR unsigned char 
		 -> AllValues(21), 
  Sec1_Temp       1   11[COMMON] PTR unsigned char 
		 -> AllValues(21), 
  Sec2_Temp       1   12[COMMON] PTR unsigned char 
		 -> AllValues(21), 
 Auto vars:     Size  Location     Type
  Hour1_Temp      1    0[BANK0 ] PTR unsigned char 
		 -> AllValues(21), 
 Return value:  Size  Location     Type
                  1    wreg      void 
 Registers used:
		wreg, fsr0l, fsr0h, status,2, status,0, btemp+1, pclath, cstack
 Tracked objects:
		On entry : 
		On exit  : 
		Unchanged: 
 Data sizes:     COMMON   BANK0   BANK1   BANK3   BANK2
      Params:         5       0       0       0       0
      Locals:         0       1       0       0       0
      Temps:          1       0       0       0       0
      Totals:         6       1       0       0       0
Total ram usage:        7 bytes
 Hardware stack levels used:    1
 Hardware stack levels required when called:    2
 This function calls:
		_ds_display
		_get_time
 This function is called by:
		_main
 This function uses a non-reentrant model


 *************** function _get_time *****************
 Defined at:
		line 124 in file "ds1302.c"
 Parameters:    Size  Location     Type
		None
 Auto vars:     Size  Location     Type
  i               2    6[COMMON] int 
 Return value:  Size  Location     Type
                  1    wreg      void 
 Registers used:
		wreg, fsr0l, fsr0h, status,2, status,0, btemp+1, pclath, cstack
 Tracked objects:
		On entry : 
		On exit  : 
		Unchanged: 
 Data sizes:     COMMON   BANK0   BANK1   BANK3   BANK2
      Params:         0       0       0       0       0
      Locals:         2       0       0       0       0
      Temps:          1       0       0       0       0
      Totals:         3       0       0       0       0
Total ram usage:        3 bytes
 Hardware stack levels used:    1
 Hardware stack levels required when called:    1
 This function calls:
		_time_read_1
		_time_write_1
 This function is called by:
		_ClockMain
		_DateMain
 This function uses a non-reentrant model


 *************** function _time_write_1 *****************
 Defined at:
		line 138 in file "ds1302.c"
 Parameters:    Size  Location     Type
  time_tx         1    wreg     unsigned char 
 Auto vars:     Size  Location     Type
  time_tx         1    4[COMMON] unsigned char 
  j               2    2[COMMON] int 
 Return value:  Size  Location     Type
                  1    wreg      void 
 Registers used:
		wreg, status,2, status,0, btemp+1
 Tracked objects:
		On entry : 
		On exit  : 
		Unchanged: 
 Data sizes:     COMMON   BANK0   BANK1   BANK3   BANK2
      Params:         0       0       0       0       0
      Locals:         3       0       0       0       0
      Temps:          2       0       0       0       0
      Totals:         5       0       0       0       0
Total ram usage:        5 bytes
 Hardware stack levels used:    1
 This function calls:
		Nothing
 This function is called by:
		_ds1302_init
		_set_time
		_get_time
 This function uses a non-reentrant model


 *************** function _time_read_1 *****************
 Defined at:
		line 157 in file "ds1302.c"
 Parameters:    Size  Location     Type
		None
 Auto vars:     Size  Location     Type
  j               2    3[COMMON] int 
  bitmask         1    2[COMMON] unsigned char 
 Return value:  Size  Location     Type
                  1    wreg      unsigned char 
 Registers used:
		wreg, status,2, status,0, btemp+1
 Tracked objects:
		On entry : 
		On exit  : 
		Unchanged: 
 Data sizes:     COMMON   BANK0   BANK1   BANK3   BANK2
      Params:         0       0       0       0       0
      Locals:         3       0       0       0       0
      Temps:          2       0       0       0       0
      Totals:         5       0       0       0       0
Total ram usage:        5 bytes
 Hardware stack levels used:    1
 This function calls:
		Nothing
 This function is called by:
		_get_time
 This function uses a non-reentrant model


 *************** function _ds_display *****************
 Defined at:
		line 193 in file "ds1302.c"
 Parameters:    Size  Location     Type
		None
 Auto vars:     Size  Location     Type
  i               2    6[COMMON] int 
 Return value:  Size  Location     Type
                  1    wreg      void 
 Registers used:
		wreg, fsr0l, fsr0h, status,2, status,0, pclath, cstack
 Tracked objects:
		On entry : 
		On exit  : 
		Unchanged: 
 Data sizes:     COMMON   BANK0   BANK1   BANK3   BANK2
      Params:         0       0       0       0       0
      Locals:         2       0       0       0       0
      Temps:          2       0       0       0       0
      Totals:         4       0       0       0       0
Total ram usage:        4 bytes
 Hardware stack levels used:    1
 Hardware stack levels required when called:    1
 This function calls:
		_Insert
		_ds_delay
 This function is called by:
		_ClockMain
		_DateMain
 This function uses a non-reentrant model


 *************** function _ds_delay *****************
 Defined at:
		line 260 in file "ds1302.c"
 Parameters:    Size  Location     Type
		None
 Auto vars:     Size  Location     Type
  i               2    0[COMMON] int 
 Return value:  Size  Location     Type
                  1    wreg      void 
 Registers used:
		wreg, status,2, status,0
 Tracked objects:
		On entry : 
		On exit  : 
		Unchanged: 
 Data sizes:     COMMON   BANK0   BANK1   BANK3   BANK2
      Params:         0       0       0       0       0
      Locals:         2       0       0       0       0
      Temps:          0       0       0       0       0
      Totals:         2       0       0       0       0
Total ram usage:        2 bytes
 Hardware stack levels used:    1
 This function calls:
		Nothing
 This function is called by:
		_ds_display
 This function uses a non-reentrant model


 *************** function _Insert *****************
 Defined at:
		line 245 in file "ds1302.c"
 Parameters:    Size  Location     Type
  ArrayPos        2    0[COMMON] int 
  Number_To_in    1    2[COMMON] unsigned char 
 Auto vars:     Size  Location     Type
		None
 Return value:  Size  Location     Type
                  1    wreg      void 
 Registers used:
		wreg, fsr0l, fsr0h, status,2, status,0
 Tracked objects:
		On entry : 
		On exit  : 
		Unchanged: 
 Data sizes:     COMMON   BANK0   BANK1   BANK3   BANK2
      Params:         3       0       0       0       0
      Locals:         0       0       0       0       0
      Temps:          1       0       0       0       0
      Totals:         4       0       0       0       0
Total ram usage:        4 bytes
 Hardware stack levels used:    1
 This function calls:
		Nothing
 This function is called by:
		_ds_display
 This function uses a non-reentrant model



MODULE INFORMATION

Module		Function		Class		Link	Load	Size
ds1302.c
		_time_read_1   		CODE           	0996	0000	77
		_ClockMain     		CODE           	1655	0000	60
		_Insert        		CODE           	152F	0000	42
		_DateMain      		CODE           	1709	0000	62
		_ds_delay      		CODE           	148F	0000	23
		_get_time      		CODE           	16CC	0000	62
		_port_init     		CODE           	13CE	0000	16
		_set_time      		CODE           	0C32	0000	116
		_time_write_1  		CODE           	161A	0000	60
		_ds1302_init   		CODE           	1450	0000	22
		_ds_display    		CODE           	01A2	0000	231

ds1302.c estimated size: 771

C:\Program Files (x86)\Microchip\xc8\v2.00\pic\sources\c90\common\lwmod.c
		___lwmod       		CODE           	0839	0000	66

C:\Program Files (x86)\Microchip\xc8\v2.00\pic\sources\c90\common\lwmod.c estimated size: 66

C:\Program Files (x86)\Microchip\xc8\v2.00\pic\sources\c90\common\awmod.c
		___awmod       		CODE           	0AED	0000	100

C:\Program Files (x86)\Microchip\xc8\v2.00\pic\sources\c90\common\awmod.c estimated size: 100

ACWmain.c
		_Nextday       		CODE           	0D19	0000	119
		_CalculateDate 		CODE           	0EA7	0000	166
		_CalculateTime 		CODE           	0B50	0000	114
		_GetWeekDay    		CODE           	00E4	0000	191
		_main          		CODE           	0028	0000	189
		_CallInvalid   		CODE           	15B2	0000	50
		_SetTimeMethod 		CODE           	15E3	0000	56
		_EnterData     		CODE           	0288	0000	250
		_GetValue      		CODE           	0CA5	0000	117
		_BiggerThanX   		CODE           	0E1A	0000	142
		_han_Display_Results		CODE           	04E0	0000	727
		_han_DSet      		CODE           	14E1	0000	39
		_ArrayReset    		CODE           	0A8E	0000	96

ACWmain.c estimated size: 2256

C:\Program Files (x86)\Microchip\xc8\v2.00\pic\sources\c90\common\Umul16.c
		___wmul        		CODE           	1507	0000	41

C:\Program Files (x86)\Microchip\xc8\v2.00\pic\sources\c90\common\Umul16.c estimated size: 41

C:\Program Files (x86)\Microchip\xc8\v2.00\pic\sources\c90\common\lwdiv.c
		___lwdiv       		CODE           	094B	0000	76

C:\Program Files (x86)\Microchip\xc8\v2.00\pic\sources\c90\common\lwdiv.c estimated size: 76

C:\Program Files (x86)\Microchip\xc8\v2.00\pic\sources\c90\common\awdiv.c
		___awdiv       		CODE           	0BC1	0000	114

C:\Program Files (x86)\Microchip\xc8\v2.00\pic\sources\c90\common\awdiv.c estimated size: 114

Buzzer.c
		_sounddelay0   		CODE           	1465	0000	22
		_BuzzerActivate		CODE           	13C1	0000	14
		_sound200ms    		CODE           	0902	0000	74

Buzzer.c estimated size: 110

Buttons.c
		_scan          		CODE           	0D8F	0000	140
		_display_key   		CODE           	0F4C	0000	181
		_initkey       		CODE           	0006	0000	10
		_keymatrix     		CODE           	1558	0000	45

Buttons.c estimated size: 376

C:\Program Files (x86)\Microchip\xc8\v2.00\pic\sources\c90\common\Umul8.c
		___bmul        		CODE           	000F	0000	26

C:\Program Files (x86)\Microchip\xc8\v2.00\pic\sources\c90\common\Umul8.c estimated size: 26

shared
		__stringtab    		STRING         	1000	0000	7
		__initialization		CODE           	07B6	0000	71
		_tableds2      		STRING         	0000	0000	0

shared estimated size: 78

Temperature.c
		_mainThermo    		CODE           	0A30	0000	95
		_reset         		CODE           	1746	0000	62
		_get_temp      		CODE           	0381	0000	352
		_displayThermo 		CODE           	17C0	0000	65
		_read_byte     		CODE           	087A	0000	69
		_delayThermo   		CODE           	147A	0000	22
		_initThermo    		CODE           	13A5	0000	8
		_write_byte    		CODE           	08BE	0000	69

Temperature.c estimated size: 742

LCD.c
		_delay         		CODE           	14BB	0000	39
		_han_Display   		CODE           	143C	0000	21
		_wr_zb         		CODE           	13DD	0000	18
		_send_i        		CODE           	1428	0000	21
		_chk_busy      		CODE           	1584	0000	47
		_clear_p       		CODE           	13EE	0000	20
		_send_d        		CODE           	1414	0000	21
		_qushu         		CODE           	1690	0000	61
		_han_Number    		CODE           	13B4	0000	14
		_lcd_init      		CODE           	0801	0000	57

LCD.c estimated size: 319

